OPatch
OPatch/crs
OPatch/crs/log
OPatch/docs
OPatch/fmw
OPatch/jlib
OPatch/ocm
OPatch/opatchprereqs
OPatch/opatchprereqs/opatch
OPatch/opatchprereqs/oui
apex
apex/builder
apex/core
apex/images
apex/images/avimages
apex/images/css
apex/images/css/uncompressed
apex/images/doc
apex/images/doc/AEADM
apex/images/doc/AEADM/img
apex/images/doc/AEADM/img_text
apex/images/doc/AEAPI
apex/images/doc/AEMIG
apex/images/doc/AEMIG/img
apex/images/doc/AEMIG/img_text
apex/images/doc/AEUTL
apex/images/doc/AEUTL/img
apex/images/doc/AEUTL/img_text
apex/images/doc/TDPAX
apex/images/doc/TDPAX/img
apex/images/doc/TDPAX/img_text
apex/images/doc/dcommon/css
apex/images/doc/dcommon/gifs
apex/images/doc/dcommon/html
apex/images/doc/img
apex/images/doc/img_text
apex/images/doc/ja
apex/images/doc/ja/AEADM
apex/images/doc/ja/AEADM/img
apex/images/doc/ja/AEADM/img_text
apex/images/doc/ja/AEAPI
apex/images/doc/ja/AEMIG
apex/images/doc/ja/AEMIG/img
apex/images/doc/ja/AEMIG/img_text
apex/images/doc/ja/AEUTL
apex/images/doc/ja/AEUTL/img
apex/images/doc/ja/AEUTL/img_text
apex/images/doc/ja/META-INF
apex/images/doc/ja/TDPAX
apex/images/doc/ja/TDPAX/img
apex/images/doc/ja/TDPAX/img_text
apex/images/doc/ja/dcommon/css
apex/images/doc/ja/dcommon/gifs
apex/images/doc/ja/dcommon/html
apex/images/doc/ja/img
apex/images/doc/ja/img_text
apex/images/doc/tutorial
apex/images/doc/tutorial/img
apex/images/doc/tutorial/img_text
apex/images/doc/tutorial/support/gifs
apex/images/doc/tutorial/support/html
apex/images/doc_helper
apex/images/editor
apex/images/editor/images
apex/images/editor/scripts
apex/images/fck
apex/images/fck/editor
apex/images/fck/editor/css
apex/images/fck/editor/css/behaviors
apex/images/fck/editor/css/images
apex/images/fck/editor/dialog
apex/images/fck/editor/dialog/common
apex/images/fck/editor/dialog/common/images
apex/images/fck/editor/dialog/fck_about
apex/images/fck/editor/dialog/fck_about/sponsors
apex/images/fck/editor/dialog/fck_docprops
apex/images/fck/editor/dialog/fck_flash
apex/images/fck/editor/dialog/fck_image
apex/images/fck/editor/dialog/fck_link
apex/images/fck/editor/dialog/fck_select
apex/images/fck/editor/dialog/fck_spellerpages/spellerpages
apex/images/fck/editor/dialog/fck_spellerpages/spellerpages/server-scripts
apex/images/fck/editor/dialog/fck_template/images
apex/images/fck/editor/dtd
apex/images/fck/editor/images
apex/images/fck/editor/images/smiley/msn
apex/images/fck/editor/js
apex/images/fck/editor/lang
apex/images/fck/editor/plugins/autogrow
apex/images/fck/editor/plugins/bbcode
apex/images/fck/editor/plugins/bbcode/_sample
apex/images/fck/editor/plugins/dragresizetable
apex/images/fck/editor/plugins/placeholder
apex/images/fck/editor/plugins/placeholder/lang
apex/images/fck/editor/plugins/simplecommands
apex/images/fck/editor/plugins/tablecommands
apex/images/fck/editor/skins
apex/images/fck/editor/skins/default
apex/images/fck/editor/skins/default/images
apex/images/fck/editor/skins/office2003
apex/images/fck/editor/skins/office2003/images
apex/images/fck/editor/skins/silver
apex/images/fck/editor/skins/silver/images
apex/images/fck/editor/wsc
apex/images/flashchart
apex/images/flashchart/anygantt_4.0.3/js
apex/images/flashchart/anygantt_4.0.3/swf
apex/images/flashchart/js
apex/images/flashchart/swf
apex/images/flashchart/swf/fonts
apex/images/flashchart/swf/fonts/arabic
apex/images/flashchart/swf/maps/africa
apex/images/flashchart/swf/maps/asia
apex/images/flashchart/swf/maps/custom
apex/images/flashchart/swf/maps/europe
apex/images/flashchart/swf/maps/north_america
apex/images/flashchart/swf/maps/oceania
apex/images/flashchart/swf/maps/south_america
apex/images/flashchart/swf/maps/usa/country
apex/images/flashchart/swf/maps/usa/regions/states
apex/images/flashchart/swf/maps/usa/regions/zip3
apex/images/flashchart/swf/maps/usa/states/counties
apex/images/flashchart/swf/maps/usa/states/zip3
apex/images/flashchart/swf/maps/usa/sub_regions/counties
apex/images/flashchart/swf/maps/usa/sub_regions/states
apex/images/flashchart/swf/maps/usa/sub_regions/zip3
apex/images/flashchart/swf/maps/world
apex/images/forms_conversion
apex/images/htmldb
apex/images/htmldb/builder
apex/images/htmldb/buttons
apex/images/htmldb/icons
apex/images/htmldb/icons/32x32
apex/images/htmldb/misc
apex/images/htmldb/sessions
apex/images/javascript
apex/images/javascript/svg_js_includes/svg_common
apex/images/javascript/uncompressed
apex/images/ly
apex/images/menu
apex/images/migration
apex/images/migration/javascript
apex/images/mon
apex/images/ob
apex/images/ob/uncompressed
apex/images/qb
apex/images/qb/i
apex/images/sc
apex/images/sr
apex/images/themes
apex/images/themes/opal
apex/images/themes/otn
apex/images/themes/theme_1
apex/images/themes/theme_10
apex/images/themes/theme_11
apex/images/themes/theme_12
apex/images/themes/theme_13
apex/images/themes/theme_14
apex/images/themes/theme_15
apex/images/themes/theme_16
apex/images/themes/theme_17
apex/images/themes/theme_18
apex/images/themes/theme_19
apex/images/themes/theme_2
apex/images/themes/theme_20
apex/images/themes/theme_3
apex/images/themes/theme_4
apex/images/themes/theme_5
apex/images/themes/theme_6
apex/images/themes/theme_7
apex/images/themes/theme_8
apex/images/themes/theme_9
apex/images/tutorial/sample
apex/images/ws
apex/images/xml
apex/owa
apex/patches/3.2.1
apex/utilities
apex/utilities/fop
apex/utilities/oracle/apex
assistants/bin
assistants/dbca
assistants/dbca/doc
assistants/dbca/jlib
assistants/dbca/templates
assistants/dbua
assistants/dbua/doc
assistants/dbua/jlib
assistants/jlib
assistants/netca
assistants/netca/doc
assistants/netca/images
assistants/netca/jlib
assistants/rconfig/doc
assistants/rconfig/sampleXMLs
bin
clone
clone/bin
clone/config
crs/install
crs/lib
crs/mesg
crs/sbs
csmig/mesg
css/mesg
ctx/admin
ctx/admin/defaults
ctx/bin
ctx/config
ctx/data
ctx/data/delx
ctx/data/enlx
ctx/data/eslx
ctx/data/frlx
ctx/data/inxight/lang
ctx/data/itlx
ctx/data/jalx
ctx/data/kolx
ctx/data/nllx
ctx/data/template
ctx/data/xxlx
ctx/data/zhlx
ctx/lib
ctx/mesg
ctx/migrate
cv/admin
cv/cvdata
cv/cvdata/10gr1
cv/cvdata/10gr2
cv/cvdata/11gr1
cv/cvdata/11gr2
cv/cvutl
cv/remenv
cv/rpm
cvutl/pluggable
dbs
dc_ocm
deinstall
deinstall/jlib
deinstall/response
demo/schema
demo/schema/bus_intelligence
demo/schema/human_resources
demo/schema/order_entry
demo/schema/order_entry/2002/Apr
demo/schema/order_entry/2002/Aug
demo/schema/order_entry/2002/Dec
demo/schema/order_entry/2002/Feb
demo/schema/order_entry/2002/Jan
demo/schema/order_entry/2002/Jul
demo/schema/order_entry/2002/Jun
demo/schema/order_entry/2002/Mar
demo/schema/order_entry/2002/May
demo/schema/order_entry/2002/Nov
demo/schema/order_entry/2002/Oct
demo/schema/order_entry/2002/Sep
demo/schema/sales_history
diagnostics/config/registration
dv/admin
dv/jlib
emcli/scripts
has/mesg
hs/admin
ide/bin
ide/doc/extension
ide/extensions
ide/lib
ide/src
ide/themes
install
install/config
install/jlib
install/unix
install/utl
instantclient
inventory/response
j2ee
j2ee/OC4J_EM/applications/em/META-INF
j2ee/OC4J_EM/applications/em/em
j2ee/OC4J_EM/applications/em/em/EMDocs
j2ee/OC4J_EM/applications/em/em/WEB-INF
j2ee/OC4J_EM/applications/em/em/WEB-INF/config
j2ee/OC4J_EM/applications/em/em/WEB-INF/deployment
j2ee/OC4J_EM/applications/em/em/WEB-INF/lib
j2ee/OC4J_EM/applications/em/em/WEB-INF/tlds
j2ee/OC4J_EM/applications/em/em/admin/access
j2ee/OC4J_EM/applications/em/em/admin/rep
j2ee/OC4J_EM/applications/em/em/admin/rep/blackout
j2ee/OC4J_EM/applications/em/em/admin/rep/emdConfig
j2ee/OC4J_EM/applications/em/em/admin/rep/proxy
j2ee/OC4J_EM/applications/em/em/admin/rep/website
j2ee/OC4J_EM/applications/em/em/admin/rpw
j2ee/OC4J_EM/applications/em/em/asprov
j2ee/OC4J_EM/applications/em/em/bam
j2ee/OC4J_EM/applications/em/em/bpelprov
j2ee/OC4J_EM/applications/em/em/command/target
j2ee/OC4J_EM/applications/em/em/common
j2ee/OC4J_EM/applications/em/em/common/ccf
j2ee/OC4J_EM/applications/em/em/common/creds
j2ee/OC4J_EM/applications/em/em/common/libStep
j2ee/OC4J_EM/applications/em/em/common/rac
j2ee/OC4J_EM/applications/em/em/common/sch
j2ee/OC4J_EM/applications/em/em/common/selcompsftlib
j2ee/OC4J_EM/applications/em/em/common/targetsel
j2ee/OC4J_EM/applications/em/em/core/styles
j2ee/OC4J_EM/applications/em/em/dn
j2ee/OC4J_EM/applications/em/em/ec
j2ee/OC4J_EM/applications/em/em/ecm
j2ee/OC4J_EM/applications/em/em/ecm/clone
j2ee/OC4J_EM/applications/em/em/ecm/cloneHome
j2ee/OC4J_EM/applications/em/em/ecm/cloneHome/summary
j2ee/OC4J_EM/applications/em/em/ecm/compliance
j2ee/OC4J_EM/applications/em/em/ecm/config
j2ee/OC4J_EM/applications/em/em/ecm/config/compare
j2ee/OC4J_EM/applications/em/em/ecm/config/compareWizard
j2ee/OC4J_EM/applications/em/em/ecm/csa
j2ee/OC4J_EM/applications/em/em/ecm/csa/v10103
j2ee/OC4J_EM/applications/em/em/ecm/em2go
j2ee/OC4J_EM/applications/em/em/ecm/generic
j2ee/OC4J_EM/applications/em/em/ecm/history
j2ee/OC4J_EM/applications/em/em/ecm/images
j2ee/OC4J_EM/applications/em/em/ecm/images/compare
j2ee/OC4J_EM/applications/em/em/ecm/inv
j2ee/OC4J_EM/applications/em/em/ecm/patch
j2ee/OC4J_EM/applications/em/em/ecm/patch/cpf
j2ee/OC4J_EM/applications/em/em/ecm/patch/cpf/lov
j2ee/OC4J_EM/applications/em/em/ecm/patch/critical
j2ee/OC4J_EM/applications/em/em/ecm/patch/summary
j2ee/OC4J_EM/applications/em/em/ecm/policy
j2ee/OC4J_EM/applications/em/em/ecm/policy/trend
j2ee/OC4J_EM/applications/em/em/ecm/search
j2ee/OC4J_EM/applications/em/em/ecm/sql
j2ee/OC4J_EM/applications/em/em/ecm/test
j2ee/OC4J_EM/applications/em/em/ecm/test/testAvailSrch
j2ee/OC4J_EM/applications/em/em/ecm/test/testHistory
j2ee/OC4J_EM/applications/em/em/ecm/test/testPolicy
j2ee/OC4J_EM/applications/em/em/ecm/test/testRc
j2ee/OC4J_EM/applications/em/em/ecm/test/testSi
j2ee/OC4J_EM/applications/em/em/ecm/track
j2ee/OC4J_EM/applications/em/em/ecm/track/compare
j2ee/OC4J_EM/applications/em/em/ecm/track/compareWizard
j2ee/OC4J_EM/applications/em/em/ecm/track/hc/compare
j2ee/OC4J_EM/applications/em/em/ecm/track/hc/view
j2ee/OC4J_EM/applications/em/em/ecm/track/hc/view/em2go
j2ee/OC4J_EM/applications/em/em/ecm/track/history
j2ee/OC4J_EM/applications/em/em/ecm/track/update
j2ee/OC4J_EM/applications/em/em/ecm/track/view
j2ee/OC4J_EM/applications/em/em/ecm/wizard
j2ee/OC4J_EM/applications/em/em/em2go
j2ee/OC4J_EM/applications/em/em/emSDK/ias
j2ee/OC4J_EM/applications/em/em/emcli
j2ee/OC4J_EM/applications/em/em/emx
j2ee/OC4J_EM/applications/em/em/esa
j2ee/OC4J_EM/applications/em/em/formsapp
j2ee/OC4J_EM/applications/em/em/genapp
j2ee/OC4J_EM/applications/em/em/gensvc
j2ee/OC4J_EM/applications/em/em/gensvc/admin
j2ee/OC4J_EM/applications/em/em/gensvc/admin/segments
j2ee/OC4J_EM/applications/em/em/gensvc/test
j2ee/OC4J_EM/applications/em/em/gensvc/test/segments
j2ee/OC4J_EM/applications/em/em/gensvc/view
j2ee/OC4J_EM/applications/em/em/health
j2ee/OC4J_EM/applications/em/em/images
j2ee/OC4J_EM/applications/em/em/images/em2go
j2ee/OC4J_EM/applications/em/em/images/sqlExplainPlan
j2ee/OC4J_EM/applications/em/em/ip
j2ee/OC4J_EM/applications/em/em/ip/edit
j2ee/OC4J_EM/applications/em/em/ip/nav
j2ee/OC4J_EM/applications/em/em/ip/render
j2ee/OC4J_EM/applications/em/em/ip/render/elem
j2ee/OC4J_EM/applications/em/em/ip/render/elem/emr/TPSelector
j2ee/OC4J_EM/applications/em/em/ip/render/elem/emr/services/param
j2ee/OC4J_EM/applications/em/em/ip/render/elem/emr/services/render
j2ee/OC4J_EM/applications/em/em/ip/render/elem/licensing
j2ee/OC4J_EM/applications/em/em/ip/render/elem/metrics/template
j2ee/OC4J_EM/applications/em/em/ip/render/elem/rca
j2ee/OC4J_EM/applications/em/em/ip/render/elem/services
j2ee/OC4J_EM/applications/em/em/ip/render/elem/system
j2ee/OC4J_EM/applications/em/em/ip/render/elem/webapps
j2ee/OC4J_EM/applications/em/em/ip/render/elem/webapps/e2e
j2ee/OC4J_EM/applications/em/em/ip/render/elem/webapps/eum
j2ee/OC4J_EM/applications/em/em/ip/render/elem/webapps/summary
j2ee/OC4J_EM/applications/em/em/ip/render/elem/webapps/tp
j2ee/OC4J_EM/applications/em/em/jobs
j2ee/OC4J_EM/applications/em/em/jobs/ca
j2ee/OC4J_EM/applications/em/em/jobs/em2go
j2ee/OC4J_EM/applications/em/em/jobs/main
j2ee/OC4J_EM/applications/em/em/jobs/search
j2ee/OC4J_EM/applications/em/em/jsLibs
j2ee/OC4J_EM/applications/em/em/metrics
j2ee/OC4J_EM/applications/em/em/metrics/baselines
j2ee/OC4J_EM/applications/em/em/metrics/em2go
j2ee/OC4J_EM/applications/em/em/metrics/target
j2ee/OC4J_EM/applications/em/em/metrics/template
j2ee/OC4J_EM/applications/em/em/monitoring
j2ee/OC4J_EM/applications/em/em/monitoring/beacon
j2ee/OC4J_EM/applications/em/em/monitoring/em2go
j2ee/OC4J_EM/applications/em/em/monitoring/host/admin
j2ee/OC4J_EM/applications/em/em/monitoring/host/mgmt
j2ee/OC4J_EM/applications/em/em/monitoring/soap
j2ee/OC4J_EM/applications/em/em/monitoring/website
j2ee/OC4J_EM/applications/em/em/monitoring/website/txn
j2ee/OC4J_EM/applications/em/em/monitoring/website/txn/js
j2ee/OC4J_EM/applications/em/em/monitoring/website/txn/lib
j2ee/OC4J_EM/applications/em/em/monitoring/website/txn/xsl
j2ee/OC4J_EM/applications/em/em/network
j2ee/OC4J_EM/applications/em/em/notif
j2ee/OC4J_EM/applications/em/em/online_help
j2ee/OC4J_EM/applications/em/em/online_help/alert
j2ee/OC4J_EM/applications/em/em/online_help/alert_cs
j2ee/OC4J_EM/applications/em/em/online_help/clo_gc
j2ee/OC4J_EM/applications/em/em/online_help/clo_gc_cs
j2ee/OC4J_EM/applications/em/em/online_help/comp_gc
j2ee/OC4J_EM/applications/em/em/online_help/comp_gc_cs
j2ee/OC4J_EM/applications/em/em/online_help/corr_gc
j2ee/OC4J_EM/applications/em/em/online_help/corr_gc_cs
j2ee/OC4J_EM/applications/em/em/online_help/exchange_gc
j2ee/OC4J_EM/applications/em/em/online_help/exchange_gc_cs
j2ee/OC4J_EM/applications/em/em/online_help/group_gc
j2ee/OC4J_EM/applications/em/em/online_help/group_gc_cs
j2ee/OC4J_EM/applications/em/em/online_help/host
j2ee/OC4J_EM/applications/em/em/online_help/host_common
j2ee/OC4J_EM/applications/em/em/online_help/host_common_cs
j2ee/OC4J_EM/applications/em/em/online_help/info_pub_gc
j2ee/OC4J_EM/applications/em/em/online_help/info_pub_gc_cs
j2ee/OC4J_EM/applications/em/em/online_help/inv
j2ee/OC4J_EM/applications/em/em/online_help/inv_cs
j2ee/OC4J_EM/applications/em/em/online_help/linux_prov
j2ee/OC4J_EM/applications/em/em/online_help/linux_prov_cs
j2ee/OC4J_EM/applications/em/em/online_help/mpa_gc
j2ee/OC4J_EM/applications/em/em/online_help/mpa_gc_cs
j2ee/OC4J_EM/applications/em/em/online_help/netapp_filer
j2ee/OC4J_EM/applications/em/em/online_help/netapp_gc
j2ee/OC4J_EM/applications/em/em/online_help/netapp_gc_cs
j2ee/OC4J_EM/applications/em/em/online_help/oem_admin
j2ee/OC4J_EM/applications/em/em/online_help/oem_admin_cs
j2ee/OC4J_EM/applications/em/em/online_help/oem_admin_cs_mc
j2ee/OC4J_EM/applications/em/em/online_help/oem_admin_mc
j2ee/OC4J_EM/applications/em/em/online_help/oemjobs
j2ee/OC4J_EM/applications/em/em/online_help/oemjobs_cs
j2ee/OC4J_EM/applications/em/em/online_help/oemtop
j2ee/OC4J_EM/applications/em/em/online_help/oemtop_cs
j2ee/OC4J_EM/applications/em/em/online_help/oracle_emd
j2ee/OC4J_EM/applications/em/em/online_help/oracle_emrep
j2ee/OC4J_EM/applications/em/em/online_help/orapolicy_host
j2ee/OC4J_EM/applications/em/em/online_help/paf
j2ee/OC4J_EM/applications/em/em/online_help/paf_cs
j2ee/OC4J_EM/applications/em/em/online_help/pat
j2ee/OC4J_EM/applications/em/em/online_help/pat_cs
j2ee/OC4J_EM/applications/em/em/online_help/pat_linux
j2ee/OC4J_EM/applications/em/em/online_help/pat_linux_cs
j2ee/OC4J_EM/applications/em/em/online_help/pol_gc
j2ee/OC4J_EM/applications/em/em/online_help/pol_gc_cs
j2ee/OC4J_EM/applications/em/em/online_help/rca_gc
j2ee/OC4J_EM/applications/em/em/online_help/rca_gc_cs
j2ee/OC4J_EM/applications/em/em/online_help/service_gc
j2ee/OC4J_EM/applications/em/em/online_help/service_gc_cs
j2ee/OC4J_EM/applications/em/em/online_help/services_metrics
j2ee/OC4J_EM/applications/em/em/online_help/slb
j2ee/OC4J_EM/applications/em/em/online_help/slb_cs
j2ee/OC4J_EM/applications/em/em/online_help/slb_metrics
j2ee/OC4J_EM/applications/em/em/online_help/system_gc
j2ee/OC4J_EM/applications/em/em/online_help/system_gc_cs
j2ee/OC4J_EM/applications/em/em/online_help/targets_gc_cs
j2ee/OC4J_EM/applications/em/em/online_help/topo_gc
j2ee/OC4J_EM/applications/em/em/online_help/wbsite
j2ee/OC4J_EM/applications/em/em/online_help/wbsite_cs
j2ee/OC4J_EM/applications/em/em/online_help/website
j2ee/OC4J_EM/applications/em/em/paf
j2ee/OC4J_EM/applications/em/em/paf/admin
j2ee/OC4J_EM/applications/em/em/page
j2ee/OC4J_EM/applications/em/em/page/hcr
j2ee/OC4J_EM/applications/em/em/page/rfe
j2ee/OC4J_EM/applications/em/em/page/rfs
j2ee/OC4J_EM/applications/em/em/page/rfs/images
j2ee/OC4J_EM/applications/em/em/pref
j2ee/OC4J_EM/applications/em/em/properties
j2ee/OC4J_EM/applications/em/em/provision
j2ee/OC4J_EM/applications/em/em/provision/admin
j2ee/OC4J_EM/applications/em/em/provision/assignments
j2ee/OC4J_EM/applications/em/em/provision/components
j2ee/OC4J_EM/applications/em/em/provision/hardware
j2ee/OC4J_EM/applications/em/em/provision/hardware/cluster
j2ee/OC4J_EM/applications/em/em/provision/hardware/suiteinst
j2ee/OC4J_EM/applications/em/em/racprov
j2ee/OC4J_EM/applications/em/em/rca
j2ee/OC4J_EM/applications/em/em/schedule
j2ee/OC4J_EM/applications/em/em/sdk
j2ee/OC4J_EM/applications/em/em/sdk/em2go
j2ee/OC4J_EM/applications/em/em/sdk/images
j2ee/OC4J_EM/applications/em/em/sdk/images/cache
j2ee/OC4J_EM/applications/em/em/sdk/images/gif
j2ee/OC4J_EM/applications/em/em/sdk/jobs
j2ee/OC4J_EM/applications/em/em/sdk/page
j2ee/OC4J_EM/applications/em/em/sdk/schedule
j2ee/OC4J_EM/applications/em/em/sec/audit
j2ee/OC4J_EM/applications/em/em/sidb
j2ee/OC4J_EM/applications/em/em/siebeltt
j2ee/OC4J_EM/applications/em/em/siebeltt/txn
j2ee/OC4J_EM/applications/em/em/storage/common
j2ee/OC4J_EM/applications/em/em/storage/group
j2ee/OC4J_EM/applications/em/em/storage/host
j2ee/OC4J_EM/applications/em/em/target
j2ee/OC4J_EM/applications/em/em/target/em2go
j2ee/OC4J_EM/applications/em/em/target/filer
j2ee/OC4J_EM/applications/em/em/target/groups
j2ee/OC4J_EM/applications/em/em/target/groups/admin
j2ee/OC4J_EM/applications/em/em/target/groups/admin/charts
j2ee/OC4J_EM/applications/em/em/target/groups/admin/columns
j2ee/OC4J_EM/applications/em/em/target/mp
j2ee/OC4J_EM/applications/em/em/target/sel
j2ee/OC4J_EM/applications/em/em/target/slb/common
j2ee/OC4J_EM/applications/em/em/target/slb/initcfg
j2ee/OC4J_EM/applications/em/em/target/slb/mgmt
j2ee/OC4J_EM/applications/em/em/target/svc
j2ee/OC4J_EM/applications/em/em/target/svc/create
j2ee/OC4J_EM/applications/em/em/target/svclvl
j2ee/OC4J_EM/applications/em/em/target/system
j2ee/OC4J_EM/applications/em/em/templates
j2ee/OC4J_EM/applications/em/em/webapp
j2ee/OC4J_EM/applications/em/em/webapp/admin
j2ee/OC4J_EM/applications/em/em/webapp/e2e/trace
j2ee/OC4J_EM/applications/em/em/webapp/eum
j2ee/OC4J_EM/applications/em/em/webapp/tmpl
j2ee/home/lib
javavm/admin
javavm/demo
javavm/demo/examples/jsproc/basic/basic_kprb
javavm/demo/examples/jsproc/basic/basic_thin
javavm/demo/examples/jsproc/basic/helloWorld
javavm/demo/examples/jsproc/basic/instance_methods
javavm/demo/examples/jsproc/basic/ncomp
javavm/demo/examples/jsproc/basic/ncomp/ncomp
javavm/demo/examples/jsproc/basic/objbyref
javavm/demo/examples/jsproc/basic/objbyvalue
javavm/demo/examples/jsproc/basic/object
javavm/demo/jmx
javavm/demo/jmx/com/sun/management
javavm/demo/jmx/common
javavm/demo/jmx/jmxclcl
javavm/demo/jmx/jmxserv
javavm/demo/policytable
javavm/doc
javavm/install
javavm/install/sbs
javavm/jahome
javavm/lib
javavm/lib/cmm
javavm/lib/fonts
javavm/lib/security
javavm/lib/zi
javavm/lib/zi/Africa
javavm/lib/zi/America
javavm/lib/zi/America/Argentina
javavm/lib/zi/America/Indiana
javavm/lib/zi/America/Kentucky
javavm/lib/zi/America/North_Dakota
javavm/lib/zi/Antarctica
javavm/lib/zi/Asia
javavm/lib/zi/Atlantic
javavm/lib/zi/Australia
javavm/lib/zi/Etc
javavm/lib/zi/Europe
javavm/lib/zi/Indian
javavm/lib/zi/Pacific
javavm/lib/zi/SystemV
jdbc
jdbc/lib
jdev/doc/extension
jdev/lib
jdk/
jdk/bin
jdk/docs
jdk/docs/ca
jdk/docs/common
jdk/docs/cs
jdk/docs/de
jdk/docs/en
jdk/docs/es
jdk/docs/fr
jdk/docs/hu
jdk/docs/it
jdk/docs/ja
jdk/docs/ko
jdk/docs/navigation
jdk/docs/pl
jdk/docs/pt
jdk/docs/ru
jdk/docs/sk
jdk/docs/sl
jdk/docs/tr
jdk/docs/zh_Hans
jdk/docs/zh_Hant
jdk/include
jdk/jre/.systemPrefs
jdk/jre/bin
jdk/jre/bin/classic
jdk/jre/bin/headless
jdk/jre/bin/j9vm
jdk/jre/bin/motif21
jdk/jre/bin/xawt
jdk/jre/lib
jdk/jre/lib/audio
jdk/jre/lib/cmm
jdk/jre/lib/ext
jdk/jre/lib/fonts
jdk/jre/lib/images/cursors
jdk/jre/lib/management
jdk/jre/lib/security
jdk/lib
jlib
ldap/admin
ldap/install
ldap/lib
ldap/mesg
ldap/odi/conf
ldap/oidadmin
ldap/public
ldap/schema
ldap/schema/ad
ldap/schema/oid
lib
lib/java/shared/oracle.javatools/11.1.1.0.0
lib/stubs
log
md/admin
md/dll
md/doc
md/jlib
mesg
mgw/admin
mgw/jlib
network/admin
network/admin/samples
network/doc
network/install
network/install/sbs
network/install/sqlnet
network/jlib
network/lib
network/mesg
network/tools
network/tools/help/mgr/help
network/tools/images
nls/csscan/sql
nls/data
nls/data/old
nls/lbuilder
nls/lbuilder/jlib
nls/mesg
oc4j
oc4j/ant
oc4j/ant/bin
oc4j/ant/etc
oc4j/ant/etc/checkstyle
oc4j/ant/lib
oc4j/bin
oc4j/diagnostics/config
oc4j/diagnostics/lib
oc4j/j2ee
oc4j/j2ee/OC4J_DBConsole/META-INF
oc4j/j2ee/OC4J_DBConsole/application-deployments/default/defaultWebApp
oc4j/j2ee/OC4J_DBConsole/config
oc4j/j2ee/OC4J_DBConsole/config/database-schemas
oc4j/j2ee/OC4J_DBConsole/connectors
oc4j/j2ee/OC4J_DBConsole/connectors/OracleASjms
oc4j/j2ee/OC4J_DBConsole/connectors/datasources
oc4j/j2ee/OC4J_Workflow_Component_Container/config
oc4j/j2ee/OC4J_Workflow_Component_Container/connectors
oc4j/j2ee/OC4J_Workflow_Component_Container/connectors/OracleASjms
oc4j/j2ee/OC4J_Workflow_Component_Container/connectors/datasources
oc4j/j2ee/OC4J_Workflow_Component_Container/others/application-deployments/default/defaultWebApp
oc4j/j2ee/OC4J_Workflow_Management_Container/config
oc4j/j2ee/OC4J_Workflow_Management_Container/connectors
oc4j/j2ee/OC4J_Workflow_Management_Container/connectors/OracleASjms
oc4j/j2ee/OC4J_Workflow_Management_Container/connectors/datasources
oc4j/j2ee/OC4J_Workflow_Management_Container/others/application-deployments/default/defaultWebApp
oc4j/j2ee/home
oc4j/j2ee/home/applib
oc4j/j2ee/home/applications
oc4j/j2ee/home/config
oc4j/j2ee/home/config/database-schemas
oc4j/j2ee/home/connectors
oc4j/j2ee/home/connectors/OracleASjms
oc4j/j2ee/home/connectors/datasources
oc4j/j2ee/home/database
oc4j/j2ee/home/database/j2ee/jta/oracle
oc4j/j2ee/home/database/webservices/reliability/oracle
oc4j/j2ee/home/default-web-app
oc4j/j2ee/home/default-web-app/WEB-INF
oc4j/j2ee/home/default-web-app/ohs_images
oc4j/j2ee/home/default-web-app/tab_files
oc4j/j2ee/home/jazn
oc4j/j2ee/home/jazn/config
oc4j/j2ee/home/jazn/data
oc4j/j2ee/home/jazn/install
oc4j/j2ee/home/jsp/bin
oc4j/j2ee/home/jsp/lib/taglib
oc4j/j2ee/home/lib
oc4j/j2ee/home/log
oc4j/j2ee/home/persistence/ejb
oc4j/j2ee/home/shared-lib
oc4j/j2ee/oc4j_applications/applications
oc4j/j2ee/utilities
oc4j/javacache/lib
oc4j/javavm/lib
oc4j/jdbc/lib
oc4j/jlib
oc4j/lib
oc4j/opmn/lib
oc4j/rdbms/jlib
oc4j/sqlj/lib
oc4j/toplink/jlib
oc4j/webservices/lib
oc4j/xqs/lib
oc4j/xqs/tools
odbc/html
odbc/lib
odbc/mesg
odbc/utl
olap/admin
olap/api/doc
olap/api/lib
olap/mesg
opmn/bin
opmn/conf
opmn/lib
opmn/mesg
oracore/mesg
oracore/zoneinfo
oracore/zoneinfo/big
oracore/zoneinfo/little
ord/Annotator/lib
ord/Annotator/lib/conf
ord/Annotator/lib/descriptors/annotations
ord/Annotator/lib/descriptors/parsers
ord/admin
ord/im/admin
ord/im/javadoc
ord/im/lib
ord/jlib
ord/mesg
ord/xml
ord/xml/xsd
oui
oui/bin
oui/bin/resource
oui/instImages
oui/jlib
oui/jlib/Libraries.old
oui/jlib/jlib
oui/jlib/lib
oui/lib/linuxS390
oui/schema
owb
owb/UnifiedRepos
owb/bin
owb/bin/admin
owb/bin/admin/config
owb/bin/admin/namespaceConfig
owb/bin/admin/personalities
owb/bin/unix
owb/bin/upgrade
owb/bin/win32
owb/bridges/lib
owb/browserasst/administration
owb/browserasst/api
owb/browserasst/favorites
owb/browserasst/framework
owb/browserasst/lia
owb/browserasst/misc
owb/browserasst/owbb
owb/browserasst/query
owb/browserasst/reports
owb/browserasst/views
owb/cmi/ebs
owb/doc
owb/doc/dcommon/css
owb/doc/dcommon/gifs
owb/doc/dcommon/html
owb/doc/ohj
owb/doc/welcome
owb/doc/welcome/data/build
owb/doc/welcome/data/stylesheets
owb/doc/welcome/data/xml
owb/doc/welcome/de
owb/doc/welcome/en
owb/doc/welcome/es
owb/doc/welcome/fr
owb/doc/welcome/it
owb/doc/welcome/ja
owb/doc/welcome/ko
owb/doc/welcome/pt_BR
owb/doc/welcome/welcomeImages
owb/doc/welcome/zh_CN
owb/extensions
owb/external
owb/external/oc4j_applications/applications
owb/install/mapfiles/server
owb/iobuilder
owb/j2ee/applications
owb/j2ee/config
owb/j2ee/config/database-schemas
owb/j2ee/connectors/datasources
owb/j2ee/lib
owb/jrt/applib
owb/jrt/applications
owb/jrt/config
owb/jrt/config/database-schemas
owb/jrt/connectors
owb/jrt/connectors/OracleASjms
owb/jrt/connectors/datasources
owb/jrt/default-web-app
owb/jrt/default-web-app/WEB-INF
owb/jrt/default-web-app/WEB-INF/classes
owb/jrt/default-web-app/WEB-INF/classes/cal
owb/jrt/default-web-app/WEB-INF/classes/checkbox
owb/jrt/default-web-app/WEB-INF/classes/colors
owb/jrt/default-web-app/WEB-INF/classes/com/oracle/welcomepage
owb/jrt/default-web-app/WEB-INF/classes/dates
owb/jrt/default-web-app/WEB-INF/classes/error
owb/jrt/default-web-app/WEB-INF/classes/examples
owb/jrt/default-web-app/WEB-INF/classes/jsp2/examples
owb/jrt/default-web-app/WEB-INF/classes/jsp2/examples/el
owb/jrt/default-web-app/WEB-INF/classes/jsp2/examples/simpletag
owb/jrt/default-web-app/WEB-INF/classes/num
owb/jrt/default-web-app/WEB-INF/classes/sessions
owb/jrt/default-web-app/WEB-INF/jsp
owb/jrt/default-web-app/WEB-INF/jsp2
owb/jrt/default-web-app/WEB-INF/lib
owb/jrt/default-web-app/WEB-INF/tags
owb/jrt/default-web-app/examples/images
owb/jrt/default-web-app/examples/jsp
owb/jrt/default-web-app/examples/jsp/cal
owb/jrt/default-web-app/examples/jsp/checkbox
owb/jrt/default-web-app/examples/jsp/colors
owb/jrt/default-web-app/examples/jsp/dates
owb/jrt/default-web-app/examples/jsp/error
owb/jrt/default-web-app/examples/jsp/forward
owb/jrt/default-web-app/examples/jsp/include
owb/jrt/default-web-app/examples/jsp/jsp2/el
owb/jrt/default-web-app/examples/jsp/jsp2/jspattribute
owb/jrt/default-web-app/examples/jsp/jsp2/jspx
owb/jrt/default-web-app/examples/jsp/jsp2/misc
owb/jrt/default-web-app/examples/jsp/jsp2/simpletag
owb/jrt/default-web-app/examples/jsp/jsp2/tagfiles
owb/jrt/default-web-app/examples/jsp/jsptoserv
owb/jrt/default-web-app/examples/jsp/num
owb/jrt/default-web-app/examples/jsp/plugin
owb/jrt/default-web-app/examples/jsp/plugin/applet
owb/jrt/default-web-app/examples/jsp/sessions
owb/jrt/default-web-app/examples/jsp/simpletag
owb/jrt/default-web-app/examples/jsp/snp
owb/jrt/default-web-app/examples/jsp/taglib/loop
owb/jrt/default-web-app/examples/jsp/xml
owb/jrt/default-web-app/examples/servlets
owb/jrt/default-web-app/ohs_images
owb/jrt/default-web-app/tab_files
owb/jrt/jazn
owb/jrt/jazn/config
owb/jrt/jazn/install
owb/jrt/jsp/bin
owb/jrt/jsp/lib/taglib
owb/jrt/lib
owb/lib/int
owb/lib/patches
owb/mdl
owb/mig
owb/misc
owb/misc/CodeTemplates
owb/misc/dp_htmldb
owb/misc/drivers
owb/misc/mappingWS
owb/misc/setup_as
owb/patches
owb/patches/bug5416660
owb/patches/bug9488925
owb/reposasst
owb/reposasst/reposupgrade/release111
owb/reposasst/upg
owb/rtasst
owb/rtasst/jrtaudit/db2
owb/rtasst/jrtaudit/oracle
owb/rtasst/jrtaudit/owbsys
owb/rtasst/jrtaudit/sqlserver
owb/rtasst/upgrade
owb/rtasst/upgrade/preowb10_2
owb/rtp/jrtaudit/db2
owb/rtp/jrtaudit/oracle
owb/rtp/jrtaudit/owbsys
owb/rtp/jrtaudit/sqlserver
owb/rtp/samples
owb/rtp/sql
owb/ts
owb/wf
owb/wf/admin
owb/wf/admin/sql
owb/wf/demo
owb/wf/demo/AR
owb/wf/demo/CS
owb/wf/demo/D
owb/wf/demo/DK
owb/wf/demo/E
owb/wf/demo/EL
owb/wf/demo/F
owb/wf/demo/HU
owb/wf/demo/I
owb/wf/demo/IW
owb/wf/demo/JA
owb/wf/demo/KO
owb/wf/demo/N
owb/wf/demo/NL
owb/wf/demo/PL
owb/wf/demo/PT
owb/wf/demo/PTB
owb/wf/demo/RO
owb/wf/demo/RU
owb/wf/demo/S
owb/wf/demo/SF
owb/wf/demo/SK
owb/wf/demo/TH
owb/wf/demo/TR
owb/wf/demo/US
owb/wf/demo/ZHS
owb/wf/demo/ZHT
owb/wf/install
owb/wf/java/oracle/apps/fnd/wf/icons
owb/wf/lib
owb/wf/res
owb/wf/res/AR
owb/wf/res/CS
owb/wf/res/D
owb/wf/res/DK
owb/wf/res/E
owb/wf/res/EL
owb/wf/res/F
owb/wf/res/HU
owb/wf/res/I
owb/wf/res/IW
owb/wf/res/JA
owb/wf/res/KO
owb/wf/res/N
owb/wf/res/NL
owb/wf/res/PL
owb/wf/res/PT
owb/wf/res/PTB
owb/wf/res/RO
owb/wf/res/RU
owb/wf/res/S
owb/wf/res/SF
owb/wf/res/SK
owb/wf/res/TH
owb/wf/res/TR
owb/wf/res/US
owb/wf/res/ZHS
owb/wf/res/ZHT
owb/wf/sql
owm/install
owm/jlib
perl/bin
perl/bin_tmp
perl/lib/5.10.0
perl/lib/5.10.0/Archive
perl/lib/5.10.0/Archive/Tar
perl/lib/5.10.0/Attribute
perl/lib/5.10.0/CGI
perl/lib/5.10.0/CPAN
perl/lib/5.10.0/CPAN/API
perl/lib/5.10.0/CPAN/Kwalify
perl/lib/5.10.0/CPANPLUS
perl/lib/5.10.0/CPANPLUS/Backend
perl/lib/5.10.0/CPANPLUS/Configure
perl/lib/5.10.0/CPANPLUS/Dist
perl/lib/5.10.0/CPANPLUS/Dist/Build
perl/lib/5.10.0/CPANPLUS/Internals
perl/lib/5.10.0/CPANPLUS/Internals/Constants
perl/lib/5.10.0/CPANPLUS/Internals/Utils
perl/lib/5.10.0/CPANPLUS/Module
perl/lib/5.10.0/CPANPLUS/Module/Author
perl/lib/5.10.0/CPANPLUS/Shell
perl/lib/5.10.0/CPANPLUS/Shell/Default/Plugins
perl/lib/5.10.0/Carp
perl/lib/5.10.0/Class
perl/lib/5.10.0/Compress
perl/lib/5.10.0/Config
perl/lib/5.10.0/DBM_Filter
perl/lib/5.10.0/Devel
perl/lib/5.10.0/Digest
perl/lib/5.10.0/Encode
perl/lib/5.10.0/Exporter
perl/lib/5.10.0/ExtUtils
perl/lib/5.10.0/ExtUtils/CBuilder
perl/lib/5.10.0/ExtUtils/CBuilder/Platform
perl/lib/5.10.0/ExtUtils/Command
perl/lib/5.10.0/ExtUtils/Constant
perl/lib/5.10.0/ExtUtils/Liblist
perl/lib/5.10.0/ExtUtils/MakeMaker
perl/lib/5.10.0/File
perl/lib/5.10.0/File/Spec
perl/lib/5.10.0/Filter
perl/lib/5.10.0/Getopt
perl/lib/5.10.0/I18N
perl/lib/5.10.0/I18N/LangTags
perl/lib/5.10.0/IO
perl/lib/5.10.0/IPC
perl/lib/5.10.0/Locale
perl/lib/5.10.0/Locale/Maketext
perl/lib/5.10.0/Log
perl/lib/5.10.0/Log/Message
perl/lib/5.10.0/Math
perl/lib/5.10.0/Math/BigFloat
perl/lib/5.10.0/Math/BigInt
perl/lib/5.10.0/Memoize
perl/lib/5.10.0/Module
perl/lib/5.10.0/Module/Build
perl/lib/5.10.0/Module/Build/Platform
perl/lib/5.10.0/Module/Load
perl/lib/5.10.0/Module/Pluggable
perl/lib/5.10.0/Net
perl/lib/5.10.0/Net/FTP
perl/lib/5.10.0/Object
perl/lib/5.10.0/Package
perl/lib/5.10.0/Params
perl/lib/5.10.0/PerlIO/via
perl/lib/5.10.0/Pod
perl/lib/5.10.0/Pod/Perldoc
perl/lib/5.10.0/Pod/Simple
perl/lib/5.10.0/Pod/Text
perl/lib/5.10.0/Search
perl/lib/5.10.0/Term
perl/lib/5.10.0/Term/UI
perl/lib/5.10.0/Test
perl/lib/5.10.0/Test/Builder
perl/lib/5.10.0/Test/Builder/Tester
perl/lib/5.10.0/Test/Harness
perl/lib/5.10.0/Text
perl/lib/5.10.0/Thread
perl/lib/5.10.0/Tie
perl/lib/5.10.0/Tie/Hash
perl/lib/5.10.0/Time
perl/lib/5.10.0/Unicode
perl/lib/5.10.0/Unicode/Collate
perl/lib/5.10.0/User
perl/lib/5.10.0/auto/Compress/Zlib
perl/lib/5.10.0/encoding
perl/lib/5.10.0/pod
perl/lib/5.10.0/s390x-linux-thread-multi
perl/lib/5.10.0/s390x-linux-thread-multi/B
perl/lib/5.10.0/s390x-linux-thread-multi/CORE
perl/lib/5.10.0/s390x-linux-thread-multi/Compress
perl/lib/5.10.0/s390x-linux-thread-multi/Compress/Raw
perl/lib/5.10.0/s390x-linux-thread-multi/Data
perl/lib/5.10.0/s390x-linux-thread-multi/Devel
perl/lib/5.10.0/s390x-linux-thread-multi/Digest
perl/lib/5.10.0/s390x-linux-thread-multi/Encode
perl/lib/5.10.0/s390x-linux-thread-multi/Encode/CN
perl/lib/5.10.0/s390x-linux-thread-multi/Encode/JP
perl/lib/5.10.0/s390x-linux-thread-multi/Encode/KR
perl/lib/5.10.0/s390x-linux-thread-multi/Encode/MIME
perl/lib/5.10.0/s390x-linux-thread-multi/Encode/MIME/Header
perl/lib/5.10.0/s390x-linux-thread-multi/Encode/Unicode
perl/lib/5.10.0/s390x-linux-thread-multi/File
perl/lib/5.10.0/s390x-linux-thread-multi/Filter/Util
perl/lib/5.10.0/s390x-linux-thread-multi/Hash
perl/lib/5.10.0/s390x-linux-thread-multi/Hash/Util
perl/lib/5.10.0/s390x-linux-thread-multi/I18N
perl/lib/5.10.0/s390x-linux-thread-multi/IO
perl/lib/5.10.0/s390x-linux-thread-multi/IO/Compress
perl/lib/5.10.0/s390x-linux-thread-multi/IO/Compress/Adapter
perl/lib/5.10.0/s390x-linux-thread-multi/IO/Compress/Base
perl/lib/5.10.0/s390x-linux-thread-multi/IO/Compress/Gzip
perl/lib/5.10.0/s390x-linux-thread-multi/IO/Compress/Zip
perl/lib/5.10.0/s390x-linux-thread-multi/IO/Compress/Zlib
perl/lib/5.10.0/s390x-linux-thread-multi/IO/Socket
perl/lib/5.10.0/s390x-linux-thread-multi/IO/Uncompress
perl/lib/5.10.0/s390x-linux-thread-multi/IO/Uncompress/Adapter
perl/lib/5.10.0/s390x-linux-thread-multi/IPC
perl/lib/5.10.0/s390x-linux-thread-multi/List
perl/lib/5.10.0/s390x-linux-thread-multi/MIME
perl/lib/5.10.0/s390x-linux-thread-multi/Math/BigInt
perl/lib/5.10.0/s390x-linux-thread-multi/PerlIO
perl/lib/5.10.0/s390x-linux-thread-multi/Scalar
perl/lib/5.10.0/s390x-linux-thread-multi/Sys
perl/lib/5.10.0/s390x-linux-thread-multi/Text
perl/lib/5.10.0/s390x-linux-thread-multi/Time
perl/lib/5.10.0/s390x-linux-thread-multi/Unicode
perl/lib/5.10.0/s390x-linux-thread-multi/auto/B
perl/lib/5.10.0/s390x-linux-thread-multi/auto/Compress/Raw/Zlib
perl/lib/5.10.0/s390x-linux-thread-multi/auto/Compress/Zlib
perl/lib/5.10.0/s390x-linux-thread-multi/auto/Cwd
perl/lib/5.10.0/s390x-linux-thread-multi/auto/Data/Dumper
perl/lib/5.10.0/s390x-linux-thread-multi/auto/Devel/DProf
perl/lib/5.10.0/s390x-linux-thread-multi/auto/Devel/PPPort
perl/lib/5.10.0/s390x-linux-thread-multi/auto/Devel/Peek
perl/lib/5.10.0/s390x-linux-thread-multi/auto/Digest/MD5
perl/lib/5.10.0/s390x-linux-thread-multi/auto/Digest/SHA
perl/lib/5.10.0/s390x-linux-thread-multi/auto/DynaLoader
perl/lib/5.10.0/s390x-linux-thread-multi/auto/Encode
perl/lib/5.10.0/s390x-linux-thread-multi/auto/Encode/Byte
perl/lib/5.10.0/s390x-linux-thread-multi/auto/Encode/CN
perl/lib/5.10.0/s390x-linux-thread-multi/auto/Encode/EBCDIC
perl/lib/5.10.0/s390x-linux-thread-multi/auto/Encode/JP
perl/lib/5.10.0/s390x-linux-thread-multi/auto/Encode/KR
perl/lib/5.10.0/s390x-linux-thread-multi/auto/Encode/Symbol
perl/lib/5.10.0/s390x-linux-thread-multi/auto/Encode/TW
perl/lib/5.10.0/s390x-linux-thread-multi/auto/Encode/Unicode
perl/lib/5.10.0/s390x-linux-thread-multi/auto/Fcntl
perl/lib/5.10.0/s390x-linux-thread-multi/auto/File/Glob
perl/lib/5.10.0/s390x-linux-thread-multi/auto/Filter/Util/Call
perl/lib/5.10.0/s390x-linux-thread-multi/auto/GDBM_File
perl/lib/5.10.0/s390x-linux-thread-multi/auto/Hash/Util
perl/lib/5.10.0/s390x-linux-thread-multi/auto/Hash/Util/FieldHash
perl/lib/5.10.0/s390x-linux-thread-multi/auto/I18N/Langinfo
perl/lib/5.10.0/s390x-linux-thread-multi/auto/IO
perl/lib/5.10.0/s390x-linux-thread-multi/auto/IPC/SysV
perl/lib/5.10.0/s390x-linux-thread-multi/auto/List/Util
perl/lib/5.10.0/s390x-linux-thread-multi/auto/MIME/Base64
perl/lib/5.10.0/s390x-linux-thread-multi/auto/Math/BigInt/FastCalc
perl/lib/5.10.0/s390x-linux-thread-multi/auto/NDBM_File
perl/lib/5.10.0/s390x-linux-thread-multi/auto/Opcode
perl/lib/5.10.0/s390x-linux-thread-multi/auto/POSIX
perl/lib/5.10.0/s390x-linux-thread-multi/auto/POSIX/SigAction
perl/lib/5.10.0/s390x-linux-thread-multi/auto/POSIX/SigRt
perl/lib/5.10.0/s390x-linux-thread-multi/auto/PerlIO/encoding
perl/lib/5.10.0/s390x-linux-thread-multi/auto/PerlIO/scalar
perl/lib/5.10.0/s390x-linux-thread-multi/auto/PerlIO/via
perl/lib/5.10.0/s390x-linux-thread-multi/auto/SDBM_File
perl/lib/5.10.0/s390x-linux-thread-multi/auto/Socket
perl/lib/5.10.0/s390x-linux-thread-multi/auto/Storable
perl/lib/5.10.0/s390x-linux-thread-multi/auto/Sys/Hostname
perl/lib/5.10.0/s390x-linux-thread-multi/auto/Sys/Syslog
perl/lib/5.10.0/s390x-linux-thread-multi/auto/Text/Soundex
perl/lib/5.10.0/s390x-linux-thread-multi/auto/Time/HiRes
perl/lib/5.10.0/s390x-linux-thread-multi/auto/Time/Piece
perl/lib/5.10.0/s390x-linux-thread-multi/auto/Unicode/Normalize
perl/lib/5.10.0/s390x-linux-thread-multi/auto/attrs
perl/lib/5.10.0/s390x-linux-thread-multi/auto/re
perl/lib/5.10.0/s390x-linux-thread-multi/auto/sdbm
perl/lib/5.10.0/s390x-linux-thread-multi/auto/threads
perl/lib/5.10.0/s390x-linux-thread-multi/auto/threads/shared
perl/lib/5.10.0/s390x-linux-thread-multi/threads
perl/lib/5.10.0/unicore
perl/lib/5.10.0/unicore/To
perl/lib/5.10.0/unicore/lib/bc
perl/lib/5.10.0/unicore/lib/ccc
perl/lib/5.10.0/unicore/lib/dt
perl/lib/5.10.0/unicore/lib/ea
perl/lib/5.10.0/unicore/lib/gc_sc
perl/lib/5.10.0/unicore/lib/hst
perl/lib/5.10.0/unicore/lib/jt
perl/lib/5.10.0/unicore/lib/lb
perl/lib/5.10.0/unicore/lib/nt
perl/lib/5.10.0/warnings
perl/lib/5.10.0/x86_64-linux-thread-multi/B
perl/lib/5.10.0/x86_64-linux-thread-multi/CORE
perl/lib/5.10.0/x86_64-linux-thread-multi/Compress/Raw
perl/lib/5.10.0/x86_64-linux-thread-multi/Data
perl/lib/5.10.0/x86_64-linux-thread-multi/Devel
perl/lib/5.10.0/x86_64-linux-thread-multi/Digest
perl/lib/5.10.0/x86_64-linux-thread-multi/Encode/CN
perl/lib/5.10.0/x86_64-linux-thread-multi/Encode/JP
perl/lib/5.10.0/x86_64-linux-thread-multi/Encode/KR
perl/lib/5.10.0/x86_64-linux-thread-multi/Encode/MIME/Header
perl/lib/5.10.0/x86_64-linux-thread-multi/Encode/Unicode
perl/lib/5.10.0/x86_64-linux-thread-multi/File
perl/lib/5.10.0/x86_64-linux-thread-multi/Filter/Util
perl/lib/5.10.0/x86_64-linux-thread-multi/Hash/Util
perl/lib/5.10.0/x86_64-linux-thread-multi/I18N
perl/lib/5.10.0/x86_64-linux-thread-multi/IO/Compress/Adapter
perl/lib/5.10.0/x86_64-linux-thread-multi/IO/Compress/Base
perl/lib/5.10.0/x86_64-linux-thread-multi/IO/Compress/Gzip
perl/lib/5.10.0/x86_64-linux-thread-multi/IO/Compress/Zip
perl/lib/5.10.0/x86_64-linux-thread-multi/IO/Compress/Zlib
perl/lib/5.10.0/x86_64-linux-thread-multi/IO/Socket
perl/lib/5.10.0/x86_64-linux-thread-multi/IO/Uncompress/Adapter
perl/lib/5.10.0/x86_64-linux-thread-multi/IPC
perl/lib/5.10.0/x86_64-linux-thread-multi/List
perl/lib/5.10.0/x86_64-linux-thread-multi/MIME
perl/lib/5.10.0/x86_64-linux-thread-multi/Math/BigInt
perl/lib/5.10.0/x86_64-linux-thread-multi/PerlIO
perl/lib/5.10.0/x86_64-linux-thread-multi/Scalar
perl/lib/5.10.0/x86_64-linux-thread-multi/Sys
perl/lib/5.10.0/x86_64-linux-thread-multi/Text
perl/lib/5.10.0/x86_64-linux-thread-multi/Time
perl/lib/5.10.0/x86_64-linux-thread-multi/Unicode
perl/lib/5.10.0/x86_64-linux-thread-multi/auto/B
perl/lib/5.10.0/x86_64-linux-thread-multi/auto/Compress/Raw/Zlib
perl/lib/5.10.0/x86_64-linux-thread-multi/auto/Compress/Zlib
perl/lib/5.10.0/x86_64-linux-thread-multi/auto/Cwd
perl/lib/5.10.0/x86_64-linux-thread-multi/auto/Data/Dumper
perl/lib/5.10.0/x86_64-linux-thread-multi/auto/Devel/DProf
perl/lib/5.10.0/x86_64-linux-thread-multi/auto/Devel/PPPort
perl/lib/5.10.0/x86_64-linux-thread-multi/auto/Devel/Peek
perl/lib/5.10.0/x86_64-linux-thread-multi/auto/Digest/MD5
perl/lib/5.10.0/x86_64-linux-thread-multi/auto/Digest/SHA
perl/lib/5.10.0/x86_64-linux-thread-multi/auto/DynaLoader
perl/lib/5.10.0/x86_64-linux-thread-multi/auto/Encode/Byte
perl/lib/5.10.0/x86_64-linux-thread-multi/auto/Encode/CN
perl/lib/5.10.0/x86_64-linux-thread-multi/auto/Encode/EBCDIC
perl/lib/5.10.0/x86_64-linux-thread-multi/auto/Encode/JP
perl/lib/5.10.0/x86_64-linux-thread-multi/auto/Encode/KR
perl/lib/5.10.0/x86_64-linux-thread-multi/auto/Encode/Symbol
perl/lib/5.10.0/x86_64-linux-thread-multi/auto/Encode/TW
perl/lib/5.10.0/x86_64-linux-thread-multi/auto/Encode/Unicode
perl/lib/5.10.0/x86_64-linux-thread-multi/auto/Fcntl
perl/lib/5.10.0/x86_64-linux-thread-multi/auto/File/Glob
perl/lib/5.10.0/x86_64-linux-thread-multi/auto/Filter/Util/Call
perl/lib/5.10.0/x86_64-linux-thread-multi/auto/GDBM_File
perl/lib/5.10.0/x86_64-linux-thread-multi/auto/Hash/Util/FieldHash
perl/lib/5.10.0/x86_64-linux-thread-multi/auto/I18N/Langinfo
perl/lib/5.10.0/x86_64-linux-thread-multi/auto/IO
perl/lib/5.10.0/x86_64-linux-thread-multi/auto/IPC/SysV
perl/lib/5.10.0/x86_64-linux-thread-multi/auto/List/Util
perl/lib/5.10.0/x86_64-linux-thread-multi/auto/MIME/Base64
perl/lib/5.10.0/x86_64-linux-thread-multi/auto/Math/BigInt/FastCalc
perl/lib/5.10.0/x86_64-linux-thread-multi/auto/NDBM_File
perl/lib/5.10.0/x86_64-linux-thread-multi/auto/Opcode
perl/lib/5.10.0/x86_64-linux-thread-multi/auto/POSIX/SigAction
perl/lib/5.10.0/x86_64-linux-thread-multi/auto/POSIX/SigRt
perl/lib/5.10.0/x86_64-linux-thread-multi/auto/PerlIO/encoding
perl/lib/5.10.0/x86_64-linux-thread-multi/auto/PerlIO/scalar
perl/lib/5.10.0/x86_64-linux-thread-multi/auto/PerlIO/via
perl/lib/5.10.0/x86_64-linux-thread-multi/auto/SDBM_File
perl/lib/5.10.0/x86_64-linux-thread-multi/auto/Socket
perl/lib/5.10.0/x86_64-linux-thread-multi/auto/Storable
perl/lib/5.10.0/x86_64-linux-thread-multi/auto/Sys/Hostname
perl/lib/5.10.0/x86_64-linux-thread-multi/auto/Sys/Syslog
perl/lib/5.10.0/x86_64-linux-thread-multi/auto/Text/Soundex
perl/lib/5.10.0/x86_64-linux-thread-multi/auto/Time/HiRes
perl/lib/5.10.0/x86_64-linux-thread-multi/auto/Time/Piece
perl/lib/5.10.0/x86_64-linux-thread-multi/auto/Unicode/Normalize
perl/lib/5.10.0/x86_64-linux-thread-multi/auto/attrs
perl/lib/5.10.0/x86_64-linux-thread-multi/auto/re
perl/lib/5.10.0/x86_64-linux-thread-multi/auto/sdbm
perl/lib/5.10.0/x86_64-linux-thread-multi/auto/threads/shared
perl/lib/5.10.0/x86_64-linux-thread-multi/threads
perl/lib/site_perl/5.10.0
perl/lib/site_perl/5.10.0/Apache
perl/lib/site_perl/5.10.0/Bundle
perl/lib/site_perl/5.10.0/Devel
perl/lib/site_perl/5.10.0/Devel/Symdump
perl/lib/site_perl/5.10.0/Digest
perl/lib/site_perl/5.10.0/File
perl/lib/site_perl/5.10.0/HTML
perl/lib/site_perl/5.10.0/HTTP
perl/lib/site_perl/5.10.0/HTTP/Cookies
perl/lib/site_perl/5.10.0/HTTP/Headers
perl/lib/site_perl/5.10.0/HTTP/Request
perl/lib/site_perl/5.10.0/LWP
perl/lib/site_perl/5.10.0/LWP/Authen
perl/lib/site_perl/5.10.0/LWP/Protocol
perl/lib/site_perl/5.10.0/Mail
perl/lib/site_perl/5.10.0/Mail/Sender/CType
perl/lib/site_perl/5.10.0/Net
perl/lib/site_perl/5.10.0/Net/Daemon
perl/lib/site_perl/5.10.0/Net/HTTP
perl/lib/site_perl/5.10.0/RPC
perl/lib/site_perl/5.10.0/RPC/PlClient
perl/lib/site_perl/5.10.0/RPC/PlServer
perl/lib/site_perl/5.10.0/URI
perl/lib/site_perl/5.10.0/URI/file
perl/lib/site_perl/5.10.0/URI/urn
perl/lib/site_perl/5.10.0/WWW
perl/lib/site_perl/5.10.0/WWW/RobotRules
perl/lib/site_perl/5.10.0/s390x-linux-thread-multi
perl/lib/site_perl/5.10.0/s390x-linux-thread-multi/Bundle
perl/lib/site_perl/5.10.0/s390x-linux-thread-multi/DBD
perl/lib/site_perl/5.10.0/s390x-linux-thread-multi/DBD/Gofer/Policy
perl/lib/site_perl/5.10.0/s390x-linux-thread-multi/DBD/Gofer/Transport
perl/lib/site_perl/5.10.0/s390x-linux-thread-multi/DBD/Oracle
perl/lib/site_perl/5.10.0/s390x-linux-thread-multi/DBI
perl/lib/site_perl/5.10.0/s390x-linux-thread-multi/DBI/Const
perl/lib/site_perl/5.10.0/s390x-linux-thread-multi/DBI/Const/GetInfo
perl/lib/site_perl/5.10.0/s390x-linux-thread-multi/DBI/DBD
perl/lib/site_perl/5.10.0/s390x-linux-thread-multi/DBI/Gofer
perl/lib/site_perl/5.10.0/s390x-linux-thread-multi/DBI/Gofer/Serializer
perl/lib/site_perl/5.10.0/s390x-linux-thread-multi/DBI/Gofer/Transport
perl/lib/site_perl/5.10.0/s390x-linux-thread-multi/DBI/ProfileDumper
perl/lib/site_perl/5.10.0/s390x-linux-thread-multi/DBI/SQL
perl/lib/site_perl/5.10.0/s390x-linux-thread-multi/DBI/Util
perl/lib/site_perl/5.10.0/s390x-linux-thread-multi/Digest
perl/lib/site_perl/5.10.0/s390x-linux-thread-multi/HTML
perl/lib/site_perl/5.10.0/s390x-linux-thread-multi/Win32
perl/lib/site_perl/5.10.0/s390x-linux-thread-multi/XML
perl/lib/site_perl/5.10.0/s390x-linux-thread-multi/XML/Parser
perl/lib/site_perl/5.10.0/s390x-linux-thread-multi/XML/Parser/Encodings
perl/lib/site_perl/5.10.0/s390x-linux-thread-multi/XML/Parser/Style
perl/lib/site_perl/5.10.0/s390x-linux-thread-multi/auto/DBD/Oracle
perl/lib/site_perl/5.10.0/s390x-linux-thread-multi/auto/DBI
perl/lib/site_perl/5.10.0/s390x-linux-thread-multi/auto/Digest/MD2
perl/lib/site_perl/5.10.0/s390x-linux-thread-multi/auto/Digest/SHA1
perl/lib/site_perl/5.10.0/s390x-linux-thread-multi/auto/HTML/Parser
perl/lib/site_perl/5.10.0/s390x-linux-thread-multi/auto/XML/Parser/Expat
perl/lib/site_perl/5.10.0/x86_64-linux-thread-multi/Bundle
perl/lib/site_perl/5.10.0/x86_64-linux-thread-multi/DBD/Gofer/Policy
perl/lib/site_perl/5.10.0/x86_64-linux-thread-multi/DBD/Gofer/Transport
perl/lib/site_perl/5.10.0/x86_64-linux-thread-multi/DBD/Oracle
perl/lib/site_perl/5.10.0/x86_64-linux-thread-multi/DBI/Const/GetInfo
perl/lib/site_perl/5.10.0/x86_64-linux-thread-multi/DBI/DBD
perl/lib/site_perl/5.10.0/x86_64-linux-thread-multi/DBI/Gofer/Serializer
perl/lib/site_perl/5.10.0/x86_64-linux-thread-multi/DBI/Gofer/Transport
perl/lib/site_perl/5.10.0/x86_64-linux-thread-multi/DBI/ProfileDumper
perl/lib/site_perl/5.10.0/x86_64-linux-thread-multi/DBI/SQL
perl/lib/site_perl/5.10.0/x86_64-linux-thread-multi/DBI/Util
perl/lib/site_perl/5.10.0/x86_64-linux-thread-multi/Digest
perl/lib/site_perl/5.10.0/x86_64-linux-thread-multi/HTML
perl/lib/site_perl/5.10.0/x86_64-linux-thread-multi/Win32
perl/lib/site_perl/5.10.0/x86_64-linux-thread-multi/XML/Parser/Encodings
perl/lib/site_perl/5.10.0/x86_64-linux-thread-multi/XML/Parser/Style
perl/lib/site_perl/5.10.0/x86_64-linux-thread-multi/auto/Apache/DBI
perl/lib/site_perl/5.10.0/x86_64-linux-thread-multi/auto/DBD/Oracle
perl/lib/site_perl/5.10.0/x86_64-linux-thread-multi/auto/DBI
perl/lib/site_perl/5.10.0/x86_64-linux-thread-multi/auto/Devel/Symdump
perl/lib/site_perl/5.10.0/x86_64-linux-thread-multi/auto/Digest/HMAC
perl/lib/site_perl/5.10.0/x86_64-linux-thread-multi/auto/Digest/MD2
perl/lib/site_perl/5.10.0/x86_64-linux-thread-multi/auto/Digest/SHA1
perl/lib/site_perl/5.10.0/x86_64-linux-thread-multi/auto/HTML/Parser
perl/lib/site_perl/5.10.0/x86_64-linux-thread-multi/auto/HTML/Tagset
perl/lib/site_perl/5.10.0/x86_64-linux-thread-multi/auto/Mail/Sender
perl/lib/site_perl/5.10.0/x86_64-linux-thread-multi/auto/Net/Daemon
perl/lib/site_perl/5.10.0/x86_64-linux-thread-multi/auto/RPC/PlServer
perl/lib/site_perl/5.10.0/x86_64-linux-thread-multi/auto/URI
perl/lib/site_perl/5.10.0/x86_64-linux-thread-multi/auto/XML/Parser/Expat
perl/lib_tmp
perl/man/man1
perl/man/man3
perl/modules_lib_tmp
plsql
plsql/admin
plsql/include
plsql/lib
plsql/mesg
precomp/admin
precomp/doc/proc
precomp/lib
precomp/mesg
precomp/public
racg/lib
racg/mesg
rdbms/admin
rdbms/doc
rdbms/install
rdbms/install/instantclient/rpm
rdbms/install/rdbms
rdbms/install/sbs
rdbms/jlib
rdbms/lib
rdbms/mesg
rdbms/public
rdbms/xml
rdbms/xml/orarep
rdbms/xml/orarep/hm
rdbms/xml/orarep/plandiff
rdbms/xml/orarep/sqlmonitor
rdbms/xml/orarep/sqlpa
rdbms/xml/orarep/sqltune
rdbms/xml/orarep/wrr
rdbms/xml/orarep/xplan
rdbms/xml/schema
rdbms/xml/xsl
relnotes/precomp
relnotes/readmes
scheduler
scheduler/log
scheduler/wallet
slax/mesg
sqldeveloper
sqldeveloper/BC4J/lib
sqldeveloper/dvt/lib
sqldeveloper/ide/bin
sqldeveloper/ide/doc/extension
sqldeveloper/ide/extensions
sqldeveloper/ide/lib
sqldeveloper/ide/processor-plugins
sqldeveloper/ide/src
sqldeveloper/ide/themes
sqldeveloper/j2ee/home/lib
sqldeveloper/jdbc/lib
sqldeveloper/jdev/bin
sqldeveloper/jdev/doc/extension
sqldeveloper/jdev/extensions
sqldeveloper/jdev/extensions/oracle.jdeveloper.subversion
sqldeveloper/jdev/extensions/oracle.jdeveloper.subversion/licenses
sqldeveloper/jdev/lib
sqldeveloper/jlib
sqldeveloper/lib
sqldeveloper/lib/java/shared/oracle.javatools/11.1.1.0.0
sqldeveloper/rdbms/jlib
sqldeveloper/sqldeveloper/bin
sqldeveloper/sqldeveloper/doc
sqldeveloper/sqldeveloper/extensions
sqldeveloper/sqldeveloper/lib
sqldeveloper/sqldeveloper/searchengines
sqldeveloper/timingframework
sqlj/lib
sqlplus/admin
sqlplus/admin/help
sqlplus/doc
sqlplus/lib
sqlplus/mesg
srvm/admin
srvm/jlib
srvm/lib
srvm/mesg
sysman/admin
sysman/admin/default_collection
sysman/admin/discover
sysman/admin/discover/utl
sysman/admin/dtds
sysman/admin/emdrep/bin
sysman/admin/emdrep/prop
sysman/admin/emdrep/rsc/core/category
sysman/admin/emdrep/rsc/core/cluster
sysman/admin/emdrep/rsc/core/ecm
sysman/admin/emdrep/rsc/core/policy
sysman/admin/emdrep/rsc/core/reports
sysman/admin/emdrep/rsc/core/system
sysman/admin/emdrep/rsc/db/compliance
sysman/admin/emdrep/rsc/db/dbracprov
sysman/admin/emdrep/rsc/db/ecm/config
sysman/admin/emdrep/rsc/db/policy
sysman/admin/emdrep/rsc/db/reports
sysman/admin/emdrep/rsc/db/reports/config
sysman/admin/emdrep/rsc/db/reports/overview
sysman/admin/emdrep/rsc/db/reports/security
sysman/admin/emdrep/rsc/db/reports/storage
sysman/admin/emdrep/rsc/pp/paf
sysman/admin/emdrep/sql
sysman/admin/emdrep/sql/cell
sysman/admin/emdrep/sql/cell/11.2.0.0/cell
sysman/admin/emdrep/sql/cell/latest/cell
sysman/admin/emdrep/sql/core
sysman/admin/emdrep/sql/core/10.2.0.2
sysman/admin/emdrep/sql/core/10.2.0.2/ecm
sysman/admin/emdrep/sql/core/10.2.0.2/esm
sysman/admin/emdrep/sql/core/10.2.0.2/gensvc
sysman/admin/emdrep/sql/core/10.2.0.2/group
sysman/admin/emdrep/sql/core/10.2.0.2/host
sysman/admin/emdrep/sql/core/10.2.0.2/jobs
sysman/admin/emdrep/sql/core/10.2.0.2/license
sysman/admin/emdrep/sql/core/10.2.0.2/notification
sysman/admin/emdrep/sql/core/10.2.0.2/policy
sysman/admin/emdrep/sql/core/10.2.0.2/provision
sysman/admin/emdrep/sql/core/10.2.0.2/storage
sysman/admin/emdrep/sql/core/10.2.0.2/swlib
sysman/admin/emdrep/sql/core/10.2.0.3
sysman/admin/emdrep/sql/core/10.2.0.3/assoc
sysman/admin/emdrep/sql/core/10.2.0.3/bam
sysman/admin/emdrep/sql/core/10.2.0.3/basic
sysman/admin/emdrep/sql/core/10.2.0.3/beacon
sysman/admin/emdrep/sql/core/10.2.0.3/blackout
sysman/admin/emdrep/sql/core/10.2.0.3/collections
sysman/admin/emdrep/sql/core/10.2.0.3/common
sysman/admin/emdrep/sql/core/10.2.0.3/compliance
sysman/admin/emdrep/sql/core/10.2.0.3/compliance/reports
sysman/admin/emdrep/sql/core/10.2.0.3/credentials
sysman/admin/emdrep/sql/core/10.2.0.3/ecm
sysman/admin/emdrep/sql/core/10.2.0.3/ecm/csa
sysman/admin/emdrep/sql/core/10.2.0.3/esm
sysman/admin/emdrep/sql/core/10.2.0.3/formsapp
sysman/admin/emdrep/sql/core/10.2.0.3/gensvc
sysman/admin/emdrep/sql/core/10.2.0.3/group
sysman/admin/emdrep/sql/core/10.2.0.3/ip
sysman/admin/emdrep/sql/core/10.2.0.3/ip/dashboard_service
sysman/admin/emdrep/sql/core/10.2.0.3/ip/rca
sysman/admin/emdrep/sql/core/10.2.0.3/ip/services
sysman/admin/emdrep/sql/core/10.2.0.3/ip/webapps
sysman/admin/emdrep/sql/core/10.2.0.3/jobs
sysman/admin/emdrep/sql/core/10.2.0.3/license
sysman/admin/emdrep/sql/core/10.2.0.3/page_custmzn
sysman/admin/emdrep/sql/core/10.2.0.3/policy
sysman/admin/emdrep/sql/core/10.2.0.3/policy/reports
sysman/admin/emdrep/sql/core/10.2.0.3/provision
sysman/admin/emdrep/sql/core/10.2.0.3/sdk
sysman/admin/emdrep/sql/core/10.2.0.3/self_monitor
sysman/admin/emdrep/sql/core/10.2.0.3/service
sysman/admin/emdrep/sql/core/10.2.0.3/severity
sysman/admin/emdrep/sql/core/10.2.0.3/swlib
sysman/admin/emdrep/sql/core/10.2.0.3/system_history
sysman/admin/emdrep/sql/core/10.2.0.3/template
sysman/admin/emdrep/sql/core/10.2.0.3/test_metadata
sysman/admin/emdrep/sql/core/10.2.0.3/trace
sysman/admin/emdrep/sql/core/10.2.0.3/website
sysman/admin/emdrep/sql/core/10.2.0.4.2/availability
sysman/admin/emdrep/sql/core/10.2.0.4.2/basic
sysman/admin/emdrep/sql/core/10.2.0.4.2/cluster_node
sysman/admin/emdrep/sql/core/10.2.0.4.2/credentials
sysman/admin/emdrep/sql/core/10.2.0.4.2/ecm
sysman/admin/emdrep/sql/core/10.2.0.4.2/jobs
sysman/admin/emdrep/sql/core/10.2.0.4.2/notification
sysman/admin/emdrep/sql/core/10.2.0.4.2/policy
sysman/admin/emdrep/sql/core/10.2.0.4.2/statbsln
sysman/admin/emdrep/sql/core/10.2.0.4.2/target
sysman/admin/emdrep/sql/core/10.2.0.4.2/template
sysman/admin/emdrep/sql/core/10.2.0.4.2/user_model
sysman/admin/emdrep/sql/core/10.2.0.4.3/notification
sysman/admin/emdrep/sql/core/10.2.0.4/admin
sysman/admin/emdrep/sql/core/10.2.0.4/audit
sysman/admin/emdrep/sql/core/10.2.0.4/availability
sysman/admin/emdrep/sql/core/10.2.0.4/basic
sysman/admin/emdrep/sql/core/10.2.0.4/blackout
sysman/admin/emdrep/sql/core/10.2.0.4/chronos
sysman/admin/emdrep/sql/core/10.2.0.4/collections
sysman/admin/emdrep/sql/core/10.2.0.4/credentials
sysman/admin/emdrep/sql/core/10.2.0.4/data_propagation
sysman/admin/emdrep/sql/core/10.2.0.4/ecm
sysman/admin/emdrep/sql/core/10.2.0.4/emx
sysman/admin/emdrep/sql/core/10.2.0.4/failover
sysman/admin/emdrep/sql/core/10.2.0.4/ip
sysman/admin/emdrep/sql/core/10.2.0.4/jobs
sysman/admin/emdrep/sql/core/10.2.0.4/license
sysman/admin/emdrep/sql/core/10.2.0.4/metric
sysman/admin/emdrep/sql/core/10.2.0.4/mp_homepage
sysman/admin/emdrep/sql/core/10.2.0.4/notification
sysman/admin/emdrep/sql/core/10.2.0.4/ocstests
sysman/admin/emdrep/sql/core/10.2.0.4/portlets
sysman/admin/emdrep/sql/core/10.2.0.4/rep_metric
sysman/admin/emdrep/sql/core/10.2.0.4/sdk
sysman/admin/emdrep/sql/core/10.2.0.4/security
sysman/admin/emdrep/sql/core/10.2.0.4/severity
sysman/admin/emdrep/sql/core/10.2.0.4/website
sysman/admin/emdrep/sql/core/latest
sysman/admin/emdrep/sql/core/latest/admin
sysman/admin/emdrep/sql/core/latest/assoc
sysman/admin/emdrep/sql/core/latest/audit
sysman/admin/emdrep/sql/core/latest/availability
sysman/admin/emdrep/sql/core/latest/bam
sysman/admin/emdrep/sql/core/latest/baselines
sysman/admin/emdrep/sql/core/latest/basic
sysman/admin/emdrep/sql/core/latest/beacon
sysman/admin/emdrep/sql/core/latest/blackout
sysman/admin/emdrep/sql/core/latest/chronos
sysman/admin/emdrep/sql/core/latest/client
sysman/admin/emdrep/sql/core/latest/cluster_node
sysman/admin/emdrep/sql/core/latest/collections
sysman/admin/emdrep/sql/core/latest/common
sysman/admin/emdrep/sql/core/latest/compliance
sysman/admin/emdrep/sql/core/latest/compliance/reports
sysman/admin/emdrep/sql/core/latest/console
sysman/admin/emdrep/sql/core/latest/credentials
sysman/admin/emdrep/sql/core/latest/crypt
sysman/admin/emdrep/sql/core/latest/data_propagation
sysman/admin/emdrep/sql/core/latest/dsvc
sysman/admin/emdrep/sql/core/latest/ecm
sysman/admin/emdrep/sql/core/latest/ecm/csa
sysman/admin/emdrep/sql/core/latest/ecm/inv
sysman/admin/emdrep/sql/core/latest/ecm/patch/critical
sysman/admin/emdrep/sql/core/latest/ecm/patch/plsql
sysman/admin/emdrep/sql/core/latest/emdiag
sysman/admin/emdrep/sql/core/latest/emx
sysman/admin/emdrep/sql/core/latest/esm
sysman/admin/emdrep/sql/core/latest/failover
sysman/admin/emdrep/sql/core/latest/filer
sysman/admin/emdrep/sql/core/latest/formsapp
sysman/admin/emdrep/sql/core/latest/gensvc
sysman/admin/emdrep/sql/core/latest/group
sysman/admin/emdrep/sql/core/latest/host
sysman/admin/emdrep/sql/core/latest/host/admin
sysman/admin/emdrep/sql/core/latest/http_session
sysman/admin/emdrep/sql/core/latest/init
sysman/admin/emdrep/sql/core/latest/ip
sysman/admin/emdrep/sql/core/latest/ip/dashboard_service
sysman/admin/emdrep/sql/core/latest/ip/rca
sysman/admin/emdrep/sql/core/latest/ip/services
sysman/admin/emdrep/sql/core/latest/ip/webapps
sysman/admin/emdrep/sql/core/latest/jobTypes_sql
sysman/admin/emdrep/sql/core/latest/jobs
sysman/admin/emdrep/sql/core/latest/license
sysman/admin/emdrep/sql/core/latest/log
sysman/admin/emdrep/sql/core/latest/metric
sysman/admin/emdrep/sql/core/latest/mp_homepage
sysman/admin/emdrep/sql/core/latest/notification
sysman/admin/emdrep/sql/core/latest/ping
sysman/admin/emdrep/sql/core/latest/policy
sysman/admin/emdrep/sql/core/latest/policy/reports
sysman/admin/emdrep/sql/core/latest/preferences
sysman/admin/emdrep/sql/core/latest/properties
sysman/admin/emdrep/sql/core/latest/provision
sysman/admin/emdrep/sql/core/latest/purge
sysman/admin/emdrep/sql/core/latest/rca
sysman/admin/emdrep/sql/core/latest/registry
sysman/admin/emdrep/sql/core/latest/rep_consolidator
sysman/admin/emdrep/sql/core/latest/rep_metric
sysman/admin/emdrep/sql/core/latest/sdk
sysman/admin/emdrep/sql/core/latest/security
sysman/admin/emdrep/sql/core/latest/self_monitor
sysman/admin/emdrep/sql/core/latest/service
sysman/admin/emdrep/sql/core/latest/service_level
sysman/admin/emdrep/sql/core/latest/severity
sysman/admin/emdrep/sql/core/latest/statbsln
sysman/admin/emdrep/sql/core/latest/storage
sysman/admin/emdrep/sql/core/latest/swlib
sysman/admin/emdrep/sql/core/latest/system
sysman/admin/emdrep/sql/core/latest/system_dashboard
sysman/admin/emdrep/sql/core/latest/system_history
sysman/admin/emdrep/sql/core/latest/target
sysman/admin/emdrep/sql/core/latest/targetTypes_sql
sysman/admin/emdrep/sql/core/latest/template
sysman/admin/emdrep/sql/core/latest/test_metadata
sysman/admin/emdrep/sql/core/latest/topology
sysman/admin/emdrep/sql/core/latest/trace
sysman/admin/emdrep/sql/core/latest/user_model
sysman/admin/emdrep/sql/core/latest/util
sysman/admin/emdrep/sql/core/latest/website
sysman/admin/emdrep/sql/core/upgrade
sysman/admin/emdrep/sql/core/v10102
sysman/admin/emdrep/sql/core/v101040
sysman/admin/emdrep/sql/core/v101050
sysman/admin/emdrep/sql/core/v102010
sysman/admin/emdrep/sql/core/v102010/assoc
sysman/admin/emdrep/sql/core/v102010/basic
sysman/admin/emdrep/sql/core/v102010/beacon
sysman/admin/emdrep/sql/core/v102010/collections
sysman/admin/emdrep/sql/core/v102010/common
sysman/admin/emdrep/sql/core/v102010/credentials
sysman/admin/emdrep/sql/core/v102010/ecm
sysman/admin/emdrep/sql/core/v102010/ecm/csa
sysman/admin/emdrep/sql/core/v102010/ecm/patch/critical
sysman/admin/emdrep/sql/core/v102010/esm
sysman/admin/emdrep/sql/core/v102010/failover
sysman/admin/emdrep/sql/core/v102010/gensvc
sysman/admin/emdrep/sql/core/v102010/group
sysman/admin/emdrep/sql/core/v102010/host
sysman/admin/emdrep/sql/core/v102010/host/admin
sysman/admin/emdrep/sql/core/v102010/ip
sysman/admin/emdrep/sql/core/v102010/ip/dashboard_service
sysman/admin/emdrep/sql/core/v102010/ip/webapps
sysman/admin/emdrep/sql/core/v102010/jobs
sysman/admin/emdrep/sql/core/v102010/license
sysman/admin/emdrep/sql/core/v102010/log
sysman/admin/emdrep/sql/core/v102010/metric
sysman/admin/emdrep/sql/core/v102010/policy
sysman/admin/emdrep/sql/core/v102010/policy/reports
sysman/admin/emdrep/sql/core/v102010/purge
sysman/admin/emdrep/sql/core/v102010/rep_metric
sysman/admin/emdrep/sql/core/v102010/sdk
sysman/admin/emdrep/sql/core/v102010/self_monitor
sysman/admin/emdrep/sql/core/v102010/service
sysman/admin/emdrep/sql/core/v102010/service_level
sysman/admin/emdrep/sql/core/v102010/severity
sysman/admin/emdrep/sql/core/v102010/storage
sysman/admin/emdrep/sql/core/v102010/swlib
sysman/admin/emdrep/sql/core/v102010/system
sysman/admin/emdrep/sql/core/v102010/system_dashboard
sysman/admin/emdrep/sql/core/v102010/template
sysman/admin/emdrep/sql/core/v102010/test_metadata
sysman/admin/emdrep/sql/core/v102010/trace
sysman/admin/emdrep/sql/core/v102010/webapp
sysman/admin/emdrep/sql/core/v102020
sysman/admin/emdrep/sql/core/v102020/assoc
sysman/admin/emdrep/sql/core/v102020/basic
sysman/admin/emdrep/sql/core/v102020/blackout
sysman/admin/emdrep/sql/core/v102020/collections
sysman/admin/emdrep/sql/core/v102020/common
sysman/admin/emdrep/sql/core/v102020/console
sysman/admin/emdrep/sql/core/v102020/credentials
sysman/admin/emdrep/sql/core/v102020/crypt
sysman/admin/emdrep/sql/core/v102020/customize
sysman/admin/emdrep/sql/core/v102020/ecm
sysman/admin/emdrep/sql/core/v102020/ecm/csa
sysman/admin/emdrep/sql/core/v102020/ecm/patch/critical
sysman/admin/emdrep/sql/core/v102020/esm
sysman/admin/emdrep/sql/core/v102020/failover
sysman/admin/emdrep/sql/core/v102020/gensvc
sysman/admin/emdrep/sql/core/v102020/group
sysman/admin/emdrep/sql/core/v102020/ip
sysman/admin/emdrep/sql/core/v102020/ip/dashboard_service
sysman/admin/emdrep/sql/core/v102020/ip/rca
sysman/admin/emdrep/sql/core/v102020/ip/services
sysman/admin/emdrep/sql/core/v102020/ip/webapps
sysman/admin/emdrep/sql/core/v102020/jobs
sysman/admin/emdrep/sql/core/v102020/license
sysman/admin/emdrep/sql/core/v102020/metric
sysman/admin/emdrep/sql/core/v102020/paf
sysman/admin/emdrep/sql/core/v102020/ping
sysman/admin/emdrep/sql/core/v102020/policy
sysman/admin/emdrep/sql/core/v102020/policy/reports
sysman/admin/emdrep/sql/core/v102020/provision
sysman/admin/emdrep/sql/core/v102020/rep_metric
sysman/admin/emdrep/sql/core/v102020/sdk
sysman/admin/emdrep/sql/core/v102020/service_level
sysman/admin/emdrep/sql/core/v102020/severity
sysman/admin/emdrep/sql/core/v102020/storage
sysman/admin/emdrep/sql/core/v102020/swlib
sysman/admin/emdrep/sql/core/v102020/system_dashboard
sysman/admin/emdrep/sql/core/v102020/target
sysman/admin/emdrep/sql/core/v102020/template
sysman/admin/emdrep/sql/core/v102020/test_metadata
sysman/admin/emdrep/sql/core/v102020/trace
sysman/admin/emdrep/sql/core/v102020/util
sysman/admin/emdrep/sql/core/v102020/website
sysman/admin/emdrep/sql/core/v102040
sysman/admin/emdrep/sql/core/v102040/ecm
sysman/admin/emdrep/sql/core/v401/upgrade
sysman/admin/emdrep/sql/core/v41/upgrade
sysman/admin/emdrep/sql/db
sysman/admin/emdrep/sql/db/10.2.0.2/dg
sysman/admin/emdrep/sql/db/10.2.0.2/esm
sysman/admin/emdrep/sql/db/10.2.0.3/compliance
sysman/admin/emdrep/sql/db/10.2.0.3/esm
sysman/admin/emdrep/sql/db/10.2.0.3/policy
sysman/admin/emdrep/sql/db/10.2.0.3/reports/storage
sysman/admin/emdrep/sql/db/10.2.0.4
sysman/admin/emdrep/sql/db/10.2.0.4/esm
sysman/admin/emdrep/sql/db/11.0.0.0
sysman/admin/emdrep/sql/db/11.0.0.0/audit
sysman/admin/emdrep/sql/db/11.0.0.0/changemgr
sysman/admin/emdrep/sql/db/11.0.0.0/config
sysman/admin/emdrep/sql/db/11.0.0.0/dg
sysman/admin/emdrep/sql/db/11.0.0.0/esm
sysman/admin/emdrep/sql/db/11.0.0.0/fbp
sysman/admin/emdrep/sql/db/11.0.0.0/hdm
sysman/admin/emdrep/sql/db/11.0.0.0/notification
sysman/admin/emdrep/sql/db/11.0.0.0/policy
sysman/admin/emdrep/sql/db/11.0.0.0/prefs
sysman/admin/emdrep/sql/db/11.0.0.0/rac
sysman/admin/emdrep/sql/db/11.0.0.0/reports
sysman/admin/emdrep/sql/db/11.0.0.0/stgAdv
sysman/admin/emdrep/sql/db/11.1.0.7
sysman/admin/emdrep/sql/db/11.1.0.7/overview
sysman/admin/emdrep/sql/db/11.2.0.0/changemgr
sysman/admin/emdrep/sql/db/11.2.0.0/config
sysman/admin/emdrep/sql/db/11.2.0.0/dg
sysman/admin/emdrep/sql/db/11.2.0.0/dv
sysman/admin/emdrep/sql/db/11.2.0.0/eml
sysman/admin/emdrep/sql/db/11.2.0.0/esm
sysman/admin/emdrep/sql/db/11.2.0.0/fbp
sysman/admin/emdrep/sql/db/11.2.0.0/ha
sysman/admin/emdrep/sql/db/11.2.0.0/hdm
sysman/admin/emdrep/sql/db/11.2.0.0/masking
sysman/admin/emdrep/sql/db/11.2.0.0/net
sysman/admin/emdrep/sql/db/11.2.0.0/osb
sysman/admin/emdrep/sql/db/11.2.0.0/osm
sysman/admin/emdrep/sql/db/11.2.0.0/policy
sysman/admin/emdrep/sql/db/11.2.0.0/prefs
sysman/admin/emdrep/sql/db/11.2.0.0/rac
sysman/admin/emdrep/sql/db/11.2.0.0/rec
sysman/admin/emdrep/sql/db/11.2.0.2/rac
sysman/admin/emdrep/sql/db/downgrade
sysman/admin/emdrep/sql/db/downgrade/core
sysman/admin/emdrep/sql/db/downgrade/db
sysman/admin/emdrep/sql/db/downgrade/eml
sysman/admin/emdrep/sql/db/downgrade/hdm
sysman/admin/emdrep/sql/db/downgrade/pp
sysman/admin/emdrep/sql/db/downgrade/pp_db
sysman/admin/emdrep/sql/db/latest
sysman/admin/emdrep/sql/db/latest/audit
sysman/admin/emdrep/sql/db/latest/changemgr
sysman/admin/emdrep/sql/db/latest/cim
sysman/admin/emdrep/sql/db/latest/compliance
sysman/admin/emdrep/sql/db/latest/config
sysman/admin/emdrep/sql/db/latest/dg
sysman/admin/emdrep/sql/db/latest/dv
sysman/admin/emdrep/sql/db/latest/eml
sysman/admin/emdrep/sql/db/latest/esm
sysman/admin/emdrep/sql/db/latest/eval
sysman/admin/emdrep/sql/db/latest/fbp
sysman/admin/emdrep/sql/db/latest/ha
sysman/admin/emdrep/sql/db/latest/hdm
sysman/admin/emdrep/sql/db/latest/job
sysman/admin/emdrep/sql/db/latest/jobTypes_sql
sysman/admin/emdrep/sql/db/latest/masking
sysman/admin/emdrep/sql/db/latest/net
sysman/admin/emdrep/sql/db/latest/notification
sysman/admin/emdrep/sql/db/latest/ob
sysman/admin/emdrep/sql/db/latest/osm
sysman/admin/emdrep/sql/db/latest/policy
sysman/admin/emdrep/sql/db/latest/prefs
sysman/admin/emdrep/sql/db/latest/rac
sysman/admin/emdrep/sql/db/latest/rec
sysman/admin/emdrep/sql/db/latest/reports
sysman/admin/emdrep/sql/db/latest/reports/config
sysman/admin/emdrep/sql/db/latest/reports/overview
sysman/admin/emdrep/sql/db/latest/reports/security/audit
sysman/admin/emdrep/sql/db/latest/reports/storage
sysman/admin/emdrep/sql/db/latest/sec
sysman/admin/emdrep/sql/db/latest/stgAdv
sysman/admin/emdrep/sql/db/latest/storage
sysman/admin/emdrep/sql/db/latest/swb
sysman/admin/emdrep/sql/db/latest/targetTypes_sql
sysman/admin/emdrep/sql/db/latest/text
sysman/admin/emdrep/sql/db/latest/tts
sysman/admin/emdrep/sql/db/latest/upgrade
sysman/admin/emdrep/sql/db/latest/usage
sysman/admin/emdrep/sql/db/upgrade
sysman/admin/emdrep/sql/db/v101040
sysman/admin/emdrep/sql/db/v102010
sysman/admin/emdrep/sql/db/v102010/eml
sysman/admin/emdrep/sql/db/v102010/esm
sysman/admin/emdrep/sql/db/v102010/policy
sysman/admin/emdrep/sql/db/v102010/reports
sysman/admin/emdrep/sql/db/v102020
sysman/admin/emdrep/sql/db/v102020/config
sysman/admin/emdrep/sql/db/v102020/dg
sysman/admin/emdrep/sql/db/v102020/eml
sysman/admin/emdrep/sql/db/v102020/esm
sysman/admin/emdrep/sql/db/v102020/policy
sysman/admin/emdrep/sql/db/v102020/rac
sysman/admin/emdrep/sql/db/v102020/rec
sysman/admin/emdrep/sql/db/v102020/reports
sysman/admin/emdrep/sql/db/v102020/tts
sysman/admin/emdrep/sql/db/v102020/upgrade
sysman/admin/emdrep/sql/db/v401/upgrade
sysman/admin/emdrep/sql/pp
sysman/admin/emdrep/sql/pp/10.2.0.2/asprov/targetSel
sysman/admin/emdrep/sql/pp/10.2.0.4/bpelprov
sysman/admin/emdrep/sql/pp/latest
sysman/admin/emdrep/sql/pp/latest/asprov
sysman/admin/emdrep/sql/pp/latest/asprov/targetSel
sysman/admin/emdrep/sql/pp/latest/bpelprov
sysman/admin/emdrep/sql/pp/latest/deploymentProcs_sql
sysman/admin/emdrep/sql/pp/latest/jobTypes_sql
sysman/admin/emdrep/sql/pp/latest/paf
sysman/admin/emdrep/sql/pp/latest/paf/demo
sysman/admin/emdrep/sql/pp/latest/racprov
sysman/admin/emdrep/sql/pp/latest/sidbprov
sysman/admin/emdrep/sql/pp_db
sysman/admin/emdrep/sql/pp_db/11.2.0.2/patchadvisor
sysman/admin/emdrep/sql/pp_db/latest/dbdn
sysman/admin/emdrep/sql/pp_db/latest/dbec
sysman/admin/emdrep/sql/pp_db/latest/dbracprov
sysman/admin/emdrep/sql/pp_db/latest/deploymentProcs_sql
sysman/admin/metadata
sysman/admin/scripts
sysman/admin/scripts/Convert
sysman/admin/scripts/Convert/ASN1
sysman/admin/scripts/Net
sysman/admin/scripts/Net-DNS-0.48
sysman/admin/scripts/Net-DNS-0.48/contrib
sysman/admin/scripts/Net-DNS-0.48/demo
sysman/admin/scripts/Net-DNS-0.48/lib/Net
sysman/admin/scripts/Net-DNS-0.48/lib/Net/DNS
sysman/admin/scripts/Net-DNS-0.48/lib/Net/DNS/RR
sysman/admin/scripts/Net-DNS-0.48/lib/Net/DNS/Resolver
sysman/admin/scripts/Net-DNS-0.48/t
sysman/admin/scripts/Net/IMAP
sysman/admin/scripts/Net/LDAP
sysman/admin/scripts/Net/LDAP/Control
sysman/admin/scripts/Net/LDAP/Extension
sysman/admin/scripts/cloning
sysman/admin/scripts/cloning/samples
sysman/admin/scripts/db
sysman/admin/scripts/db/config
sysman/admin/scripts/db/convert
sysman/admin/scripts/db/dataUtilities
sysman/admin/scripts/db/dbclone
sysman/admin/scripts/db/dg
sysman/admin/scripts/db/net
sysman/admin/scripts/db/ob
sysman/admin/scripts/db/remoteBrowser
sysman/admin/scripts/db/reorg
sysman/admin/scripts/db/rman
sysman/admin/scripts/db/workload
sysman/admin/scripts/dv
sysman/admin/scripts/emca
sysman/admin/scripts/emx/oracle_cell
sysman/admin/scripts/has
sysman/admin/scripts/jobs
sysman/admin/scripts/osm
sysman/admin/scripts/provisioning
sysman/admin/scripts/provisioning/defaultimagedirs
sysman/admin/scripts/provisioning/sampledirectives
sysman/admin/scripts/provisioning/susedefaultimagedirs
sysman/admin/scripts/rac
sysman/admin/scripts/storage
sysman/admin/scripts/storage/vendor
sysman/admin/scripts/streams
sysman/admin/scripts/tcl
sysman/admin/scripts/txt
sysman/bam
sysman/config
sysman/config/esa
sysman/config/monwallet
sysman/emcli
sysman/emd
sysman/emdrep/config
sysman/install
sysman/install/upgrade
sysman/jlib
sysman/jlib/em_intg_jlib
sysman/jlib/j2ee
sysman/jlib/ocm
sysman/lib
sysman/prov/paf
sysman/prov/utils
sysman/prov/utils/patchdiags
timingframework
ucp
ucp/lib
uix/cabo/WEB-INF
uix/taglib
utl
wwg/admin/help
wwg/admin/images
xdk
xdk/admin
xdk/doc
xdk/doc/cpp/classgen
xdk/doc/images
xdk/doc/java/transx
xdk/doc/java/xsql
xdk/doc/java/xsql/images
xdk/include
xdk/lib
xdk/mesg
